<html>
<body>
<pre>
<h1>µVision Build Log</h1>
<h2>Tool Versions:</h2>
IDE-Version: µVision V5.24.2.0
Copyright (C) 2017 ARM Ltd and ARM Germany GmbH. All rights reserved.
License Information: 123 123, 123, LIC=Q7GVE-541H2-GQV0H-W2LKS-WZZPZ-TTWWR
 
Tool Versions:
Toolchain:       MDK-ARM Professional  Version: 5.24.1
Toolchain Path:  C:\Keil_v5\ARM\ARMCC\Bin
C Compiler:      Armcc.exe V5.06 update 5 (build 528)
Assembler:       Armasm.exe V5.06 update 5 (build 528)
Linker/Locator:  ArmLink.exe V5.06 update 5 (build 528)
Library Manager: ArmAr.exe V5.06 update 5 (build 528)
Hex Converter:   FromElf.exe V5.06 update 5 (build 528)
CPU DLL:         SARMCM3.DLL V5.24.1
Dialog DLL:      DCM.DLL V1.16.0.0
Target DLL:      STLink\ST-LINKIII-KEIL_SWO.dll V3.0.1.0
Dialog DLL:      TCM.DLL V1.32.0.0
 
<h2>Project:</h2>
C:\Àíòîí\Ïðîåêòû\Ìàíåêåí\ManekenGit\Maneken_nucleo_rtos F411\mbed-os-example-blinky.uvprojx
Project File Date:  05/30/2018

<h2>Output:</h2>
*** Using Compiler 'V5.06 update 5 (build 528)', folder: 'C:\Keil_v5\ARM\ARMCC\Bin'
Rebuild target 'mbed-os-example-blinky'
compiling aes_alt.c...
compiling aesni.c...
compiling aes.c...
compiling analogin_api.c...
compiling AnalogIn.cpp...
compiling analogin_device.c...
compiling arc4.c...
compiling analogout_device.c...
compiling asn1parse.c...
compiling analogout_api.c...
compiling asn1write.c...
compiling AT_CellularBase.cpp...
compiling AT_CellularInformation.cpp...
compiling AT_CellularDevice.cpp...
compiling AT_CellularPower.cpp...
compiling AT_CellularSIM.cpp...
compiling AT_CellularNetwork.cpp...
compiling AT_CellularStack.cpp...
compiling AT_CellularSMS.cpp...
compiling base64.c...
compiling ATHandler.cpp...
compiling ATCmdParser.cpp...
compiling blowfish.c...
compiling bignum.c...
compiling BusIn.cpp...
compiling BusInOut.cpp...
compiling BusOut.cpp...
compiling camellia.c...
compiling CallChain.cpp...
compiling CAN.cpp...
compiling CellularConnectionFSM.cpp...
compiling ccm.c...
compiling can_api.c...
compiling certs.c...
compiling CellularUtil.cpp...
compiling cipher_wrap.c...
compiling cipher.c...
compiling cmac.c...
compiling cmsis_os1.c...
compiling ctr_drbg.c...
compiling ChainingBlockDevice.cpp...
compiling debug.c...
compiling des.c...
compiling dhm.c...
compiling EasyCellularConnection.cpp...
compiling ecdh.c...
compiling ConditionVariable.cpp...
compiling ecjpake.c...
compiling ecdsa.c...
compiling ecp_curves.c...
compiling entropy.c...
compiling entropy_poll.c...
compiling Dir.cpp...
compiling ecp.c...
compiling equeue.c...
compiling equeue_posix.c...
compiling error.c...
compiling equeue_mbed.cpp...
compiling Ethernet.cpp...
compiling EventFlags.cpp...
assembling except.S...
compiling EventQueue.cpp...
compiling ExhaustibleBlockDevice.cpp...
compiling ffunicode.cpp...
compiling FATFileSystem.cpp...
compiling ff.cpp...
mbed-os/features/filesystem/fat/ChaN/ff.cpp(1660): warning:  #1293-D: assignment in condition
  	for (szb = ((DWORD)fs->csize * 
S(fs) >= 
AX_MALLOC) ? 
AX_MALLOC : fs->csize * 
S(fs); szb > 
S(fs) && !(ibuf = (BYTE *)ff_memalloc(szb)); szb /= 2) ;
mbed-os/features/filesystem/fat/ChaN/ff.cpp(5585): warning:  #1293-D: assignment in condition
  		for (szb_buf = 
AX_MALLOC, buf = 0; szb_buf >= ss && !(buf = (BYTE *)ff_memalloc(szb_buf)); szb_buf /= 2) ;
mbed-os/features/filesystem/fat/ChaN/ff.cpp: 2 warnings, 0 errors
compiling FileBase.cpp...
compiling FileHandle.cpp...
compiling File.cpp...
compiling FilePath.cpp...
compiling FileSystemHandle.cpp...
compiling FileSystem.cpp...
compiling flash_api.c...
compiling gcm.c...
compiling FlashIAP.cpp...
compiling gpio_api.c...
compiling gpio_irq_api.c...
compiling gpio_irq_device.c...
compiling greentea_serial.cpp...
compiling greentea_metrics.cpp...
compiling hal_init_pre.c...
compiling greentea_test_env.cpp...
compiling hal_tick_16b.c...
compiling hash_wrappers.c...
compiling havege.c...
compiling hmac_drbg.c...
compiling hal_tick_32b.c...
compiling I2C.cpp...
compiling HeapBlockDevice.cpp...
compiling i2c_api.c...
compiling I2CSlave.cpp...
compiling InterruptIn.cpp...
compiling InterruptManager.cpp...
assembling irq_cm4f.S...
compiling lfs_util.c...
compiling lfs.c...
compiling Kernel.cpp...
compiling LocalFileSystem.cpp...
compiling LittleFileSystem.cpp...
compiling LoRaMacChannelPlan.cpp...
compiling LoRaMacCommand.cpp...
compiling LoRaMacCrypto.cpp...
compiling LoRaMac.cpp...
compiling LoRaMacMcps.cpp...
compiling LoRaMacMib.cpp...
compiling LoRaMacMlme.cpp...
compiling LoRaPHYAS923.cpp...
compiling LoRaPHY.cpp...
compiling LoRaPHYCN470.cpp...
compiling LoRaPHYAU915.cpp...
compiling LoRaPHYCN779.cpp...
compiling LoRaPHYEU433.cpp...
compiling LoRaPHYEU868.cpp...
compiling LoRaPHYIN865.cpp...
compiling LoRaPHYUS915.cpp...
compiling LoRaPHYKR920.cpp...
compiling LoRaPHYUS915Hybrid.cpp...
compiling LoRaWANTimer.cpp...
compiling LoRaWANInterface.cpp...
compiling LoRaWANStack.cpp...
compiling lp_ticker.c...
compiling mbed_alloc_wrappers.cpp...
compiling mbed-utest-shim.cpp...
compiling mbed_application.c...
compiling mbed_assert.c...
compiling mbed_board.c...
compiling mbed_critical.c...
compiling mbed_boot.c...
compiling mbed_critical_section_api.c...
compiling mbed_flash_api.c...
compiling mbed_error.c...
compiling mbed_itm_api.c...
compiling mbed_gpio.c...
compiling mbed_interface.c...
compiling mbed_mktime.c...
compiling mbed_lp_ticker_api.c...
compiling mbed_mem_trace.cpp...
compiling mbed_overrides.c...
compiling mbed_pinmap_common.c...
compiling mbed_poll.cpp...
compiling mbed_rtc_time.cpp...
compiling mbed_rtx_fault_handler.c...
compiling mbed_retarget.cpp...
"no source": Warning:  #541-D: allowing all exceptions is incompatible with previous function "operator new(std::size_t)"  (declared at line 78 of "C:\Keil_v5\ARM\ARMCC\Bin\..\include\new")
"no source": Warning:  #541-D: allowing all exceptions is incompatible with previous function "operator new[](std::size_t)"  (declared at line 97 of "C:\Keil_v5\ARM\ARMCC\Bin\..\include\new")
"no source": Warning:  #541-D: allowing all exceptions is incompatible with previous function "operator new(std::size_t, const std::nothrow_t &)"  (declared at line 84 of "C:\Keil_v5\ARM\ARMCC\Bin\..\include\new")
"no source": Warning:  #541-D: allowing all exceptions is incompatible with previous function "operator new[](std::size_t, const std::nothrow_t &)"  (declared at line 109 of "C:\Keil_v5\ARM\ARMCC\Bin\..\include\new")
"no source": Warning:  #541-D: allowing all exceptions is incompatible with previous function "operator delete(void *)"  (declared at line 81 of "C:\Keil_v5\ARM\ARMCC\Bin\..\include\new")
"no source": Warning:  #541-D: allowing all exceptions is incompatible with previous function "operator delete[](void *)"  (declared at line 100 of "C:\Keil_v5\ARM\ARMCC\Bin\..\include\new")
mbed-os/platform/mbed_retarget.cpp: 6 warnings, 0 errors
compiling mbed_rtx_handlers.c...
compiling mbed_sdk_boot.c...
compiling mbed_rtx_idle.cpp...
compiling mbed_semihost_api.c...
compiling mbed_sleep_manager.c...
compiling mbed_shared_queues.cpp...
compiling mbed_stats.c...
compiling mbed_trng.c...
compiling mbed_wait_api_no_rtos.c...
compiling mbed_us_ticker_api.c...
compiling MbedCRC.cpp...
compiling mbed_ticker_api.c...
compiling md.c...
compiling md2.c...
compiling md4.c...
compiling mbed_wait_api_rtos.cpp...
compiling md5.c...
compiling md5_alt.c...
compiling md_wrap.c...
compiling memory_buffer_alloc.c...
compiling MBRBlockDevice.cpp...
compiling net_sockets.c...
compiling NetworkInterface.cpp...
compiling Mutex.cpp...
compiling NetworkStack.cpp...
compiling nsapi_dns.cpp...
compiling oid.c...
compiling nvstore.cpp...
compiling OnboardCellularInterface.cpp...
compiling ObservingBlockDevice.cpp...
compiling os_tick_ptim.c...
compiling os_systick.c...
compiling padlock.c...
compiling pem.c...
compiling pk.c...
compiling PeripheralPins.c...
compiling pinmap.c...
compiling pk_wrap.c...
compiling pkcs5.c...
compiling pkcs11.c...
compiling pkcs12.c...
compiling platform.c...
compiling pkwrite.c...
compiling pkparse.c...
compiling port_api.c...
compiling PPPCellularInterface.cpp...
compiling ProfilingBlockDevice.cpp...
compiling pwmout_api.c...
compiling pwmout_device.c...
compiling QUECTEL_BC95_CellularNetwork.cpp...
compiling QUECTEL_BC95.cpp...
compiling QUECTEL_BC95_CellularPower.cpp...
compiling QUECTEL_BC95_CellularStack.cpp...
compiling QUECTEL_BG96.cpp...
compiling QUECTEL_BG96_CellularNetwork.cpp...
compiling RawSerial.cpp...
compiling QUECTEL_BG96_CellularStack.cpp...
compiling ripemd160.c...
compiling ReadOnlyBlockDevice.cpp...
compiling rt_OsEventObserver.c...
compiling rsa_internal.c...
compiling rsa.c...
compiling RTX_Config.c...
compiling rtc_api.c...
compiling rtx_delay.c...
compiling RtosTimer.cpp...
compiling rtx_evflags.c...
compiling rtx_evr.c...
compiling rtx_lib.c...
compiling rtx_kernel.c...
compiling rtx_memory.c...
compiling rtx_mempool.c...
compiling rtx_mutex.c...
compiling rtx_msgqueue.c...
compiling rtx_semaphore.c...
compiling rtx_system.c...
compiling rtx_thread.c...
compiling rtx_timer.c...
compiling Semaphore.cpp...
compiling Serial.cpp...
compiling serial_api.c...
compiling sha1.c...
compiling sha1_alt.c...
compiling serial_device.c...
compiling SerialBase.cpp...
compiling sha256_alt.c...
compiling sha256.c...
compiling sha512.c...
compiling sleep.c...
compiling SlicingBlockDevice.cpp...
compiling SocketAddress.cpp...
compiling Socket.cpp...
compiling spi_api.c...
compiling SPI.cpp...
compiling SPISlave.cpp...
compiling ssl_cache.c...
compiling ssl_ciphersuites.c...
compiling ssl_cli.c...
compiling ssl_srv.c...
compiling ssl_cookie.c...
compiling ssl_ticket.c...
compiling ssl_tls.c...
assembling startup_stm32f411xe.S...
compiling stm32f4xx_hal.c...
compiling stm32f4xx_hal_adc.c...
compiling stm32f4xx_hal_adc_ex.c...
compiling stm32f4xx_hal_can.c...
compiling stm32f4xx_hal_can_legacy.c...
compiling stm32f4xx_hal_cec.c...
compiling stm32f4xx_hal_cortex.c...
compiling stm32f4xx_hal_crc.c...
compiling stm32f4xx_hal_cryp.c...
compiling stm32f4xx_hal_dac.c...
compiling stm32f4xx_hal_cryp_ex.c...
compiling stm32f4xx_hal_dac_ex.c...
compiling stm32f4xx_hal_dfsdm.c...
compiling stm32f4xx_hal_dcmi.c...
compiling stm32f4xx_hal_dcmi_ex.c...
compiling stm32f4xx_hal_dma2d.c...
compiling stm32f4xx_hal_dma.c...
compiling stm32f4xx_hal_dma_ex.c...
compiling stm32f4xx_hal_eth.c...
compiling stm32f4xx_hal_flash.c...
compiling stm32f4xx_hal_dsi.c...
compiling stm32f4xx_hal_flash_ramfunc.c...
compiling stm32f4xx_hal_flash_ex.c...
compiling stm32f4xx_hal_fmpi2c.c...
compiling stm32f4xx_hal_fmpi2c_ex.c...
compiling stm32f4xx_hal_gpio.c...
compiling stm32f4xx_hal_hash.c...
compiling stm32f4xx_hal_hash_ex.c...
compiling stm32f4xx_hal_hcd.c...
compiling stm32f4xx_hal_i2c_ex.c...
compiling stm32f4xx_hal_i2c.c...
compiling stm32f4xx_hal_i2s.c...
compiling stm32f4xx_hal_i2s_ex.c...
compiling stm32f4xx_hal_irda.c...
compiling stm32f4xx_hal_iwdg.c...
compiling stm32f4xx_hal_lptim.c...
compiling stm32f4xx_hal_ltdc.c...
compiling stm32f4xx_hal_ltdc_ex.c...
compiling stm32f4xx_hal_nand.c...
compiling stm32f4xx_hal_mmc.c...
compiling stm32f4xx_hal_nor.c...
compiling stm32f4xx_hal_pccard.c...
compiling stm32f4xx_hal_pcd.c...
compiling stm32f4xx_hal_pcd_ex.c...
compiling stm32f4xx_hal_pwr.c...
compiling stm32f4xx_hal_qspi.c...
compiling stm32f4xx_hal_pwr_ex.c...
compiling stm32f4xx_hal_rng.c...
compiling stm32f4xx_hal_rcc.c...
compiling stm32f4xx_hal_rcc_ex.c...
compiling stm32f4xx_hal_rtc.c...
compiling stm32f4xx_hal_sai.c...
compiling stm32f4xx_hal_rtc_ex.c...
compiling stm32f4xx_hal_sai_ex.c...
compiling stm32f4xx_hal_sdram.c...
compiling stm32f4xx_hal_sd.c...
compiling stm32f4xx_hal_spdifrx.c...
compiling stm32f4xx_hal_smartcard.c...
compiling stm32f4xx_hal_sram.c...
compiling stm32f4xx_hal_spi.c...
compiling stm32f4xx_hal_tim.c...
compiling stm32f4xx_hal_tim_ex.c...
compiling stm32f4xx_hal_uart.c...
compiling stm32f4xx_ll_adc.c...
compiling stm32f4xx_hal_wwdg.c...
compiling stm32f4xx_ll_crc.c...
compiling stm32f4xx_hal_usart.c...
compiling stm32f4xx_ll_dac.c...
compiling stm32f4xx_ll_dma.c...
compiling stm32f4xx_ll_dma2d.c...
compiling stm32f4xx_ll_exti.c...
compiling stm32f4xx_ll_gpio.c...
compiling stm32f4xx_ll_i2c.c...
compiling stm32f4xx_ll_fmc.c...
compiling stm32f4xx_ll_fsmc.c...
compiling stm32f4xx_ll_lptim.c...
compiling stm32f4xx_ll_pwr.c...
compiling stm32f4xx_ll_rcc.c...
compiling stm32f4xx_ll_rng.c...
compiling stm32f4xx_ll_rtc.c...
compiling stm32f4xx_ll_spi.c...
compiling stm32f4xx_ll_tim.c...
compiling stm32f4xx_ll_usart.c...
compiling stm32f4xx_ll_sdmmc.c...
compiling stm32f4xx_ll_usb.c...
compiling stm32f4xx_ll_utils.c...
compiling stm_spi_api.c...
compiling system_clock.c...
compiling Stream.cpp...
compiling TableCRC.cpp...
compiling system_stm32f4xx.c...
compiling SysTimer.cpp...
compiling TCPSocket.cpp...
compiling TELIT_HE910.cpp...
compiling TCPServer.cpp...
compiling TELIT_HE910_CellularPower.cpp...
compiling TELIT_HE910_CellularNetwork.cpp...
compiling threading.c...
compiling Thread.cpp...
compiling Ticker.cpp...
compiling Timeout.cpp...
compiling Timer.cpp...
compiling TimerEvent.cpp...
compiling timing.c...
compiling trng_api.c...
compiling UBLOX_LISA_U.cpp...
compiling UARTCellularInterface.cpp...
compiling UARTSerial.cpp...
compiling UBLOX_LISA_U_CellularPower.cpp...
compiling UBLOX_LISA_U_CellularNetwork.cpp...
compiling unity.c...
compiling UDPSocket.cpp...
compiling us_ticker_16b.c...
compiling us_ticker_32b.c...
compiling unity_handler.cpp...
compiling utest_case.cpp...
compiling utest_default_handlers.cpp...
compiling utest_greentea_handlers.cpp...
compiling utest_stack_trace.cpp...
compiling utest_shim.cpp...
compiling utest_harness.cpp...
compiling version.c...
compiling version_features.c...
compiling WiFiAccessPoint.cpp...
compiling utest_types.cpp...
compiling x509_create.c...
compiling x509.c...
compiling x509_crl.c...
compiling x509_csr.c...
compiling x509write_crt.c...
compiling x509write_csr.c...
compiling xtea.c...
compiling x509_crt.c...
compiling main.cpp...
compiling distanceSensor.cpp...
compiling motors_threads.cpp...
compiling uart.cpp...
compiling uartKinnect.cpp...
linking...
Program Size: Code=61048 RO-data=4292 RW-data=2712 ZI-data=10860  
".\BUILD\mbed-os-example-blinky.axf" - 0 Error(s), 2 Warning(s).

<h2>Software Packages used:</h2>

Package Vendor: Keil
                http://www.keil.com/pack/Keil.STM32F4xx_DFP.2.12.0.pack
                Keil.STM32F4xx_DFP.2.12.0
                STMicroelectronics STM32F4 Series Device Support, Drivers and Examples

<h2>Collection of Component include folders:</h2>
  .\RTE\_mbed-os-example-blinky
  C:\Keil_v5\ARM\PACK\Keil\STM32F4xx_DFP\2.12.0\Drivers\CMSIS\Device\ST\STM32F4xx\Include

<h2>Collection of Component Files used:</h2>
Build Time Elapsed:  00:01:30
</pre>
</body>
</html>
