<html>
<body>
<pre>
<h1>µVision Build Log</h1>
<h2>Tool Versions:</h2>
IDE-Version: µVision V5.24.2.0
Copyright (C) 2017 ARM Ltd and ARM Germany GmbH. All rights reserved.
License Information: a Microsoft, Microsoft, LIC=3UURA-1HT1D-355TX-HQZ2H-DZAP2-9CWLJ
 
Tool Versions:
Toolchain:       MDK-ARM Professional  Version: 5.24.1
Toolchain Path:  C:\Keil_v5\ARM\ARMCC\Bin
C Compiler:      Armcc.exe V5.06 update 5 (build 528)
Assembler:       Armasm.exe V5.06 update 5 (build 528)
Linker/Locator:  ArmLink.exe V5.06 update 5 (build 528)
Library Manager: ArmAr.exe V5.06 update 5 (build 528)
Hex Converter:   FromElf.exe V5.06 update 5 (build 528)
CPU DLL:         SARMCM3.DLL V5.24.1
Dialog DLL:      DCM.DLL V1.16.0.0
Target DLL:      STLink\ST-LINKIII-KEIL_SWO.dll V3.0.1.0
Dialog DLL:      TCM.DLL V1.32.0.0
 
<h2>Project:</h2>
D:\Àíòîí\Ïðîåêòû\Ìàíåêåí\GitManeken\Maneken_nucleo_rtos F446\mbed-os-example-blinky.uvprojx
Project File Date:  04/10/2018

<h2>Output:</h2>
*** Using Compiler 'V5.06 update 5 (build 528)', folder: 'C:\Keil_v5\ARM\ARMCC\Bin'
Rebuild target 'mbed-os-example-blinky'
compiling aesni.c...
compiling aes_alt.c...
compiling aes.c...
compiling arc4.c...
compiling asn1parse.c...
compiling asn1write.c...
compiling base64.c...
compiling bignum.c...
compiling blowfish.c...
compiling analogin_api.c...
compiling analogout_api.c...
compiling analogout_device.c...
compiling analogin_device.c...
compiling AnalogIn.cpp...
compiling camellia.c...
compiling BusIn.cpp...
compiling ccm.c...
compiling certs.c...
compiling ATCmdParser.cpp...
compiling cipher.c...
compiling cipher_wrap.c...
compiling cmac.c...
compiling cmsis_os1.c...
compiling CallChain.cpp...
compiling BusOut.cpp...
compiling can_api.c...
compiling ctr_drbg.c...
compiling dhm.c...
compiling debug.c...
compiling des.c...
compiling ecdh.c...
compiling ecdsa.c...
compiling BusInOut.cpp...
compiling ecjpake.c...
compiling entropy.c...
compiling entropy_poll.c...
compiling ecp_curves.c...
compiling ecp.c...
compiling CAN.cpp...
compiling error.c...
compiling ChainingBlockDevice.cpp...
compiling ConditionVariable.cpp...
compiling Ethernet.cpp...
compiling equeue.c...
compiling equeue_posix.c...
compiling EventFlags.cpp...
compiling ff.cpp...
mbed-os/features/filesystem/fat/ChaN/ff.cpp(1660): warning:  #1293-D: assignment in condition
  	for (szb = ((DWORD)fs->csize * 
S(fs) >= 
AX_MALLOC) ? 
AX_MALLOC : fs->csize * 
S(fs); szb > 
S(fs) && !(ibuf = (BYTE *)ff_memalloc(szb)); szb /= 2) ;
mbed-os/features/filesystem/fat/ChaN/ff.cpp(5585): warning:  #1293-D: assignment in condition
  		for (szb_buf = 
AX_MALLOC, buf = 0; szb_buf >= ss && !(buf = (BYTE *)ff_memalloc(szb_buf)); szb_buf /= 2) ;
mbed-os/features/filesystem/fat/ChaN/ff.cpp: 2 warnings, 0 errors
compiling ffunicode.cpp...
compiling EventQueue.cpp...
compiling equeue_mbed.cpp...
compiling Dir.cpp...
compiling FileHandle.cpp...
compiling FileBase.cpp...
compiling FilePath.cpp...
compiling FileSystem.cpp...
compiling ExhaustibleBlockDevice.cpp...
compiling gcm.c...
compiling File.cpp...
compiling FATFileSystem.cpp...
compiling gpio_irq_device.c...
compiling flash_api.c...
compiling gpio_api.c...
compiling FlashIAP.cpp...
compiling gpio_irq_api.c...
compiling greentea_metrics.cpp...
compiling havege.c...
compiling FileSystemHandle.cpp...
compiling hmac_drbg.c...
compiling hal_init_pre.c...
compiling hal_tick_16b.c...
compiling hal_tick_32b.c...
compiling greentea_serial.cpp...
compiling I2C.cpp...
compiling HeapBlockDevice.cpp...
assembling irq_cm4f.S...
compiling greentea_test_env.cpp...
compiling lfs_util.c...
compiling lfs.c...
compiling InterruptIn.cpp...
compiling i2c_api.c...
compiling I2CSlave.cpp...
compiling LocalFileSystem.cpp...
compiling InterruptManager.cpp...
compiling Kernel.cpp...
compiling LittleFileSystem.cpp...
compiling mbed_board.c...
compiling mbed_assert.c...
compiling mbed_application.c...
compiling mbed_boot.c...
compiling lp_ticker.c...
compiling mbed_alloc_wrappers.cpp...
compiling mbed-utest-shim.cpp...
compiling mbed_lp_ticker_api.c...
compiling mbed_gpio.c...
compiling mbed_flash_api.c...
compiling mbed_mktime.c...
compiling mbed_critical.c...
compiling mbed_error.c...
compiling mbed_mem_trace.cpp...
compiling mbed_interface.c...
compiling mbed_rtx_handlers.c...
compiling mbed_rtx_idle.cpp...
compiling mbed_sdk_boot.c...
compiling mbed_rtc_time.cpp...
compiling mbed_overrides.c...
compiling mbed_pinmap_common.c...
compiling mbed_poll.cpp...
compiling mbed_stats.c...
compiling mbed_trng.c...
compiling mbed_wait_api_no_rtos.c...
compiling mbed_retarget.cpp...
"no source": Warning:  #541-D: allowing all exceptions is incompatible with previous function "operator new(std::size_t)"  (declared at line 78 of "C:\Keil_v5\ARM\ARMCC\Bin\..\include\new")
"no source": Warning:  #541-D: allowing all exceptions is incompatible with previous function "operator new[](std::size_t)"  (declared at line 97 of "C:\Keil_v5\ARM\ARMCC\Bin\..\include\new")
"no source": Warning:  #541-D: allowing all exceptions is incompatible with previous function "operator new(std::size_t, const std::nothrow_t &)"  (declared at line 84 of "C:\Keil_v5\ARM\ARMCC\Bin\..\include\new")
"no source": Warning:  #541-D: allowing all exceptions is incompatible with previous function "operator new[](std::size_t, const std::nothrow_t &)"  (declared at line 109 of "C:\Keil_v5\ARM\ARMCC\Bin\..\include\new")
"no source": Warning:  #541-D: allowing all exceptions is incompatible with previous function "operator delete(void *)"  (declared at line 81 of "C:\Keil_v5\ARM\ARMCC\Bin\..\include\new")
"no source": Warning:  #541-D: allowing all exceptions is incompatible with previous function "operator delete[](void *)"  (declared at line 100 of "C:\Keil_v5\ARM\ARMCC\Bin\..\include\new")
mbed-os/platform/mbed_retarget.cpp: 6 warnings, 0 errors
compiling mbed_ticker_api.c...
compiling mbed_sleep_manager.c...
compiling mbed_semihost_api.c...
compiling md.c...
compiling md2.c...
compiling md4.c...
compiling md5.c...
compiling md5_alt.c...
compiling memory_buffer_alloc.c...
compiling md_wrap.c...
compiling mbed_us_ticker_api.c...
compiling NetworkInterface.cpp...
compiling net_sockets.c...
compiling mbed_wait_api_rtos.cpp...
compiling oid.c...
compiling OnboardCellularInterface.cpp...
compiling mbed_shared_queues.cpp...
compiling Mutex.cpp...
compiling os_tick_ptim.c...
compiling padlock.c...
compiling pem.c...
compiling os_systick.c...
compiling pk.c...
compiling pk_wrap.c...
compiling pkcs11.c...
compiling nsapi_dns.cpp...
compiling pkcs12.c...
compiling pkcs5.c...
compiling pkparse.c...
compiling MBRBlockDevice.cpp...
compiling pkwrite.c...
compiling ObservingBlockDevice.cpp...
compiling platform.c...
compiling pinmap.c...
compiling NetworkStack.cpp...
compiling PeripheralPins.c...
compiling port_api.c...
compiling ripemd160.c...
compiling pwmout_api.c...
compiling rsa.c...
compiling rt_OsEventObserver.c...
compiling pwmout_device.c...
compiling ReadOnlyBlockDevice.cpp...
compiling ProfilingBlockDevice.cpp...
compiling RTX_Config.c...
compiling rtx_evr.c...
compiling PPPCellularInterface.cpp...
compiling rtx_lib.c...
compiling RawSerial.cpp...
compiling rtx_delay.c...
compiling rtx_evflags.c...
compiling RtosTimer.cpp...
compiling rtx_kernel.c...
compiling rtx_mempool.c...
compiling rtc_api.c...
compiling rtx_memory.c...
compiling rtx_system.c...
compiling rtx_semaphore.c...
compiling rtx_thread.c...
compiling rtx_mutex.c...
compiling rtx_timer.c...
compiling sha1.c...
compiling sha1_alt.c...
compiling rtx_msgqueue.c...
compiling sha256_alt.c...
compiling sha256.c...
compiling sha512.c...
compiling Semaphore.cpp...
compiling serial_api.c...
compiling serial_device.c...
compiling SerialBase.cpp...
compiling Serial.cpp...
compiling sleep.c...
compiling ssl_cache.c...
compiling SPISlave.cpp...
compiling ssl_cli.c...
compiling ssl_ciphersuites.c...
compiling ssl_cookie.c...
compiling ssl_srv.c...
compiling SPI.cpp...
compiling ssl_ticket.c...
compiling ssl_tls.c...
assembling startup_stm32f446xx.S...
compiling SlicingBlockDevice.cpp...
compiling Socket.cpp...
compiling spi_api.c...
compiling stm32f4xx_hal_adc_ex.c...
compiling stm32f4xx_hal_cec.c...
compiling SocketAddress.cpp...
compiling stm32f4xx_hal_can_legacy.c...
mbed-os/targets/TARGET_STM/TARGET_STM32F4/device/stm32f4xx_hal_can_legacy.c(139): warning:  #1215-D: #warning directive: 'Legacy HAL CAN driver is enabled! It can be used with known limitations, refer to the release notes. However it is recommended to use rather the new HAL CAN driver'
  #warning 'Legacy HAL CAN driver is enabled! It can be used with known limitations, refer to the release notes. However it is recommended to use rather the new HAL CAN driver'
mbed-os/targets/TARGET_STM/TARGET_STM32F4/device/stm32f4xx_hal_can_legacy.c: 1 warning, 0 errors
compiling stm32f4xx_hal_can.c...
compiling stm32f4xx_hal.c...
compiling stm32f4xx_hal_adc.c...
compiling stm32f4xx_hal_cortex.c...
compiling stm32f4xx_hal_dac.c...
compiling stm32f4xx_hal_crc.c...
compiling stm32f4xx_hal_dcmi.c...
compiling stm32f4xx_hal_dac_ex.c...
compiling stm32f4xx_hal_cryp_ex.c...
compiling stm32f4xx_hal_cryp.c...
compiling stm32f4xx_hal_dsi.c...
compiling stm32f4xx_hal_dfsdm.c...
compiling stm32f4xx_hal_dma_ex.c...
compiling stm32f4xx_hal_dcmi_ex.c...
compiling stm32f4xx_hal_dma2d.c...
compiling stm32f4xx_hal_dma.c...
compiling stm32f4xx_hal_fmpi2c_ex.c...
compiling stm32f4xx_hal_eth.c...
compiling stm32f4xx_hal_flash_ex.c...
compiling stm32f4xx_hal_flash.c...
compiling stm32f4xx_hal_fmpi2c.c...
compiling stm32f4xx_hal_flash_ramfunc.c...
compiling stm32f4xx_hal_gpio.c...
compiling stm32f4xx_hal_i2c_ex.c...
compiling stm32f4xx_hal_hash_ex.c...
compiling stm32f4xx_hal_i2s.c...
compiling stm32f4xx_hal_hcd.c...
compiling stm32f4xx_hal_hash.c...
compiling stm32f4xx_hal_i2c.c...
compiling stm32f4xx_hal_irda.c...
compiling stm32f4xx_hal_ltdc.c...
compiling stm32f4xx_hal_lptim.c...
compiling stm32f4xx_hal_mmc.c...
compiling stm32f4xx_hal_ltdc_ex.c...
compiling stm32f4xx_hal_iwdg.c...
compiling stm32f4xx_hal_i2s_ex.c...
compiling stm32f4xx_hal_pcd_ex.c...
compiling stm32f4xx_hal_pwr.c...
compiling stm32f4xx_hal_nor.c...
compiling stm32f4xx_hal_pcd.c...
compiling stm32f4xx_hal_pccard.c...
compiling stm32f4xx_hal_nand.c...
compiling stm32f4xx_hal_pwr_ex.c...
compiling stm32f4xx_hal_rng.c...
compiling stm32f4xx_hal_rtc.c...
compiling stm32f4xx_hal_qspi.c...
compiling stm32f4xx_hal_rcc.c...
compiling stm32f4xx_hal_rcc_ex.c...
compiling stm32f4xx_hal_smartcard.c...
compiling stm32f4xx_hal_rtc_ex.c...
compiling stm32f4xx_hal_sdram.c...
compiling stm32f4xx_hal_sai_ex.c...
compiling stm32f4xx_hal_sai.c...
compiling stm32f4xx_hal_sd.c...
compiling stm32f4xx_hal_uart.c...
compiling stm32f4xx_hal_tim_ex.c...
compiling stm32f4xx_hal_sram.c...
compiling stm32f4xx_hal_spi.c...
compiling stm32f4xx_ll_adc.c...
compiling stm32f4xx_ll_crc.c...
compiling stm32f4xx_hal_spdifrx.c...
compiling stm32f4xx_ll_dac.c...
compiling stm32f4xx_ll_exti.c...
compiling stm32f4xx_ll_dma2d.c...
compiling stm32f4xx_ll_dma.c...
compiling stm32f4xx_ll_gpio.c...
compiling stm32f4xx_ll_i2c.c...
compiling stm32f4xx_ll_lptim.c...
compiling stm32f4xx_ll_pwr.c...
compiling stm32f4xx_hal_tim.c...
compiling stm32f4xx_ll_rng.c...
compiling stm32f4xx_ll_rcc.c...
compiling stm32f4xx_ll_rtc.c...
compiling stm32f4xx_ll_tim.c...
compiling stm32f4xx_ll_spi.c...
compiling stm32f4xx_ll_usart.c...
compiling stm32f4xx_hal_wwdg.c...
compiling stm32f4xx_hal_usart.c...
compiling stm32f4xx_ll_fsmc.c...
compiling stm32f4xx_ll_fmc.c...
compiling stm32f4xx_ll_sdmmc.c...
compiling stm32f4xx_ll_usb.c...
compiling stm32f4xx_ll_utils.c...
compiling system_clock.c...
compiling threading.c...
compiling system_stm32f4xx.c...
compiling Stream.cpp...
compiling stm_spi_api.c...
compiling TCPSocket.cpp...
compiling timing.c...
compiling trng_api.c...
compiling TCPServer.cpp...
compiling Thread.cpp...
compiling Ticker.cpp...
compiling TimerEvent.cpp...
compiling Timeout.cpp...
compiling unity.c...
compiling Timer.cpp...
compiling UARTSerial.cpp...
compiling UARTCellularInterface.cpp...
compiling us_ticker_16b.c...
compiling us_ticker_32b.c...
compiling utest_case.cpp...
compiling utest_stack_trace.cpp...
compiling unity_handler.cpp...
compiling version.c...
compiling UDPSocket.cpp...
compiling version_features.c...
compiling WiFiAccessPoint.cpp...
compiling x509.c...
compiling x509_create.c...
compiling x509_crt.c...
compiling x509_crl.c...
compiling x509write_crt.c...
compiling x509_csr.c...
compiling x509write_csr.c...
compiling xtea.c...
compiling utest_greentea_handlers.cpp...
compiling utest_default_handlers.cpp...
compiling utest_harness.cpp...
compiling utest_shim.cpp...
compiling utest_types.cpp...
compiling main.cpp...
linking...
Program Size: Code=53144 RO-data=4272 RW-data=2416 ZI-data=7376  
".\BUILD\mbed-os.axf" - 0 Error(s), 3 Warning(s).

<h2>Software Packages used:</h2>

Package Vendor: Keil
                http://www.keil.com/pack/Keil.STM32F4xx_DFP.2.12.0.pack
                Keil.STM32F4xx_DFP.2.12.0
                STMicroelectronics STM32F4 Series Device Support, Drivers and Examples

<h2>Collection of Component include folders:</h2>
  .\RTE\_mbed-os-example-blinky
  C:\Keil_v5\ARM\PACK\Keil\STM32F4xx_DFP\2.12.0\Drivers\CMSIS\Device\ST\STM32F4xx\Include

<h2>Collection of Component Files used:</h2>
Build Time Elapsed:  00:04:30
</pre>
</body>
</html>
